******************************************************************************
               TMS320C6x Linker PC v7.4.18                     
******************************************************************************
>> Linked Mon Oct 30 11:20:44 2023

OUTPUT FILE NAME:   <TP4_Goertzel.out>
ENTRY POINT SYMBOL: "_c_int00"  address: 000026a0


MEMORY CONFIGURATION

         name            origin    length      used     unused   attr    fill
----------------------  --------  ---------  --------  --------  ----  --------
  IVECS                 00000000   00000220  00000200  00000020  RWIX
  IRAM                  00000220   0002bde0  0000351a  000288c6  RWIX
  DATA_C                0002c000   00004000  00000000  00004000  RWIX
  SDRAM                 80000000   00100000  00000000  00100000  RWIX
  FLASH                 90000000   00020000  00000000  00020000  RWIX


SECTION ALLOCATION MAP

 output                                  attributes/
section   page    origin      length       input sections
--------  ----  ----------  ----------   ----------------
.vecs      0    00000000    00000200     
                  00000000    00000200     Vectors_intr.obj (.vecs)

.bss       0    00000220    00000000     UNINITIALIZED

.text      0    00000220    00002720     
                  00000220    000007a0     c6713dskinit.obj (.text)
                  000009c0    00000480     dsk6713bsl.lib : dsk6713.obj (.text)
                  00000e40    00000460     main.obj (.text:retain)
                  000012a0    00000320     dsk6713bsl.lib : dsk6713_aic23_opencodec.obj (.text)
                  000015c0    00000240     rts6700.lib : memcpy62.obj (.text:_memcpy)
                  00001800    000001c0     csl6713.lib : csl_irq.obj (.text:_IRQ_map)
                  000019c0    000001a0                 : csl_mcbsp.obj (.text:_MCBSP_reset)
                  00001b60    00000160     dsk6713bsl.lib : dsk6713_aic23_registers.obj (.text)
                  00001cc0    00000100     csl6713.lib : csl_mcbsp.obj (.text:_MCBSP_open)
                  00001dc0    00000100                 : csl_mcbsp.obj (.text:_MCBSP_start)
                  00001ec0    00000100     rts6700.lib : autoinit.obj (.text:__auto_init)
                  00001fc0    00000100                 : remi.obj (.text:__remi)
                  000020c0    000000e0                 : strasg.obj (.text:__strasg)
                  000021a0    000000e0                 : exit.obj (.text:_exit)
                  00002280    000000e0     main.obj (.text)
                  00002360    000000c0     rts6700.lib : cpy_tbl.obj (.text:_copy_in)
                  00002420    000000c0     dsk6713bsl.lib : dsk6713_aic23_setfreq.obj (.text)
                  000024e0    000000a0     csl6713.lib : csl_mcbsp.obj (.text:_MCBSP_config)
                  00002580    000000a0                 : csl_irq.obj (.text:_setMux)
                  00002620    00000080     rts6700.lib : cpp_init.obj (.text:___TI_cpp_init)
                  000026a0    00000080                 : boot.obj (.text:_c_int00)
                  00002720    00000040     csl6713.lib : csl_irq.obj (.text:_IRQ_enable)
                  00002760    00000040                 : csl_irq.obj (.text:_IRQ_reset)
                  000027a0    00000040     rts6700.lib : args_main.obj (.text:__args_main)
                  000027e0    00000020     Vectors_intr.obj (.text)
                  00002800    00000020     csl6713.lib : csl_irq.obj (.text:_IRQ_globalDisable)
                  00002820    00000020                 : csl_irq.obj (.text:_IRQ_globalEnable)
                  00002840    00000020                 : csl_irq.obj (.text:_IRQ_nmiEnable)
                  00002860    00000020                 : csl_mcbsp.obj (.text:_MCBSP_getXmtEventId)
                  00002880    00000020                 : csl_mcbsp.obj (.text:_MCBSP_read)
                  000028a0    00000020                 : csl_mcbsp.obj (.text:_MCBSP_rrdy)
                  000028c0    00000020                 : csl_mcbsp.obj (.text:_MCBSP_write)
                  000028e0    00000020                 : csl_mcbsp.obj (.text:_MCBSP_xrdy)
                  00002900    00000020     rts6700.lib : exit.obj (.text:_abort)
                  00002920    00000020     csl6713.lib : csl_irq.obj (.text)

.far       0    00002940    000006d6     UNINITIALIZED
                  00002940    000004f4     main.obj (.far)
                  00002e34    000000f4     csl6713.lib : csl_irq.obj (.far)
                  00002f28    00000058     c6713dskinit.obj (.far)
                  00002f80    00000038     csl6713.lib : csl_mcbsp.obj (.far)
                  00002fb8    00000028     dsk6713bsl.lib : dsk6713_aic23_registers.obj (.far)
                  00002fe0    00000020                    : dsk6713_aic23_setfreq.obj (.far)
                  00003000    0000000c     rts6700.lib : exit.obj (.far)
                  0000300c    00000008     dsk6713bsl.lib : dsk6713_aic23_opencodec.obj (.far)
                  00003014    00000002                    : dsk6713.obj (.far)

.cinit     0    00003018    000005c4     
                  00003018    00000352     main.obj (.cinit)
                  0000336a    00000006     --HOLE-- [fill = 0]
                  00003370    0000012c     csl6713.lib : csl_irq.obj (.cinit)
                  0000349c    00000004     --HOLE-- [fill = 0]
                  000034a0    00000058     c6713dskinit.obj (.cinit)
                  000034f8    00000054     csl6713.lib : csl_mcbsp.obj (.cinit)
                  0000354c    00000004     --HOLE-- [fill = 0]
                  00003550    00000030     dsk6713bsl.lib : dsk6713_aic23_registers.obj (.cinit)
                  00003580    0000002c     rts6700.lib : exit.obj (.cinit)
                  000035ac    00000004     --HOLE-- [fill = 0]
                  000035b0    00000028     dsk6713bsl.lib : dsk6713_aic23_setfreq.obj (.cinit)
                  000035d8    00000004     --HOLE-- [fill = 0]

.stack     0    000035e0    00000100     UNINITIALIZED
                  000035e0    00000008     rts6700.lib : boot.obj (.stack)
                  000035e8    000000f8     --HOLE--

.const     0    000036e0    00000060     
                  000036e0    00000040     dsk6713bsl.lib : dsk6713_aic23_opencodec.obj (.const)
                  00003720    00000020                    : dsk6713.obj (.const)


GLOBAL SYMBOLS: SORTED ALPHABETICALLY BY Name 

address    name
--------   ----
00000220   $bss
00000220   .bss
00000220   .text
00002900   C$$EXIT
00002f34   _AIC23CfgData
00002f28   _AIC_data
00002ac0   _Coeff
0000300c   _DSK6713_AIC23_codeccontrolhandle
00003010   _DSK6713_AIC23_codecdatahandle
00001c20   _DSK6713_AIC23_config
000012a0   _DSK6713_AIC23_openCodec
00001bfc   _DSK6713_AIC23_rget
00001b60   _DSK6713_AIC23_rset
00002420   _DSK6713_AIC23_setFreq
00000dd4   _DSK6713_getVersion
00000a0c   _DSK6713_init
00000d28   _DSK6713_rget
00000d3c   _DSK6713_rset
00003014   _DSK6713_version
00000d50   _DSK6713_wait
00000da8   _DSK6713_waitusec
00002720   _IRQ_enable
00002800   _IRQ_globalDisable
00002820   _IRQ_globalEnable
00001800   _IRQ_map
00002840   _IRQ_nmiEnable
00002760   _IRQ_reset
000024e0   _MCBSP_config
00002860   _MCBSP_getXmtEventId
00001cc0   _MCBSP_open
00002880   _MCBSP_read
000019c0   _MCBSP_reset
000028a0   _MCBSP_rrdy
00001dc0   _MCBSP_start
000028c0   _MCBSP_write
000028e0   _MCBSP_xrdy
00002c8c   _Module
00002cb2   _New_Modules
00002c5c   _Qn
00002c6c   _Qn_1
00002c7c   _Qn_2
00002ad0   _TabSinus1Hz
00002c54   _Xn
00002cb4   _XnBuffer
00002940   _XnBufferExcel
00002f20   __IRQ_dispatchTable
00002e5c   __IRQ_eventTable
00002920   __IRQ_hookFetchPacket
00002ee0   __IRQ_intTable
00002fb0   __MCBSP_hDev0
00002fb4   __MCBSP_hDev1
000036e0   __STACK_END
00000100   __STACK_SIZE
00000001   __TI_args_main
00002620   ___TI_cpp_init
00003008   ___TI_enable_exit_profile_output
ffffffff   ___TI_pprof_out_hndl
ffffffff   ___TI_prof_data_size
ffffffff   ___TI_prof_data_start
ffffffff   ___binit__
00000220   ___bss__
ffffffff   ___c_args__
00003018   ___cinit__
00000220   ___end__
00002940   ___etext__
ffffffff   ___pinit__
00000220   ___text__
000027a0   __args_main
00001ec0   __auto_init
00001fc0   __c6xabi_remi
00003000   __cleanup_ptr
00003004   __dtors_ptr
00001fc0   __remi
000035e0   __stack
000020c0   __strasg
00002900   _abort
00000220   _c6713_dsk_init
000026a0   _c_int00
00000e40   _c_int11
00000318   _comm_intr
000002e4   _comm_poll
00002f54   _config
00002360   _copy_in
000021a0   _exit
00002c58   _f
00002c50   _fs
00002f7c   _hAIC23_handle
00002c56   _i
00000820   _input_left_sample
000008e8   _input_right_sample
0000071c   _input_sample
00002280   _main
000015c0   _memcpy
0000055c   _output_left_sample
0000063c   _output_right_sample
00000444   _output_sample
00002cac   _tmp
00002cb0   _tmp1
00000020   _vector1
00000140   _vector10
00000180   _vector12
000001a0   _vector13
000001c0   _vector14
000001e0   _vector15
00000040   _vector2
00000060   _vector3
00000080   _vector4
000000a0   _vector5
000000c0   _vector6
000000e0   _vector7
00000100   _vector8
00000120   _vector9
00000000   _vectors
ffffffff   binit
00003018   cinit
00000220   end
00002940   etext
ffffffff   pinit


GLOBAL SYMBOLS: SORTED BY Symbol Address 

address    name
--------   ----
00000000   _vectors
00000001   __TI_args_main
00000020   _vector1
00000040   _vector2
00000060   _vector3
00000080   _vector4
000000a0   _vector5
000000c0   _vector6
000000e0   _vector7
00000100   __STACK_SIZE
00000100   _vector8
00000120   _vector9
00000140   _vector10
00000180   _vector12
000001a0   _vector13
000001c0   _vector14
000001e0   _vector15
00000220   $bss
00000220   .bss
00000220   .text
00000220   ___bss__
00000220   ___end__
00000220   ___text__
00000220   _c6713_dsk_init
00000220   end
000002e4   _comm_poll
00000318   _comm_intr
00000444   _output_sample
0000055c   _output_left_sample
0000063c   _output_right_sample
0000071c   _input_sample
00000820   _input_left_sample
000008e8   _input_right_sample
00000a0c   _DSK6713_init
00000d28   _DSK6713_rget
00000d3c   _DSK6713_rset
00000d50   _DSK6713_wait
00000da8   _DSK6713_waitusec
00000dd4   _DSK6713_getVersion
00000e40   _c_int11
000012a0   _DSK6713_AIC23_openCodec
000015c0   _memcpy
00001800   _IRQ_map
000019c0   _MCBSP_reset
00001b60   _DSK6713_AIC23_rset
00001bfc   _DSK6713_AIC23_rget
00001c20   _DSK6713_AIC23_config
00001cc0   _MCBSP_open
00001dc0   _MCBSP_start
00001ec0   __auto_init
00001fc0   __c6xabi_remi
00001fc0   __remi
000020c0   __strasg
000021a0   _exit
00002280   _main
00002360   _copy_in
00002420   _DSK6713_AIC23_setFreq
000024e0   _MCBSP_config
00002620   ___TI_cpp_init
000026a0   _c_int00
00002720   _IRQ_enable
00002760   _IRQ_reset
000027a0   __args_main
00002800   _IRQ_globalDisable
00002820   _IRQ_globalEnable
00002840   _IRQ_nmiEnable
00002860   _MCBSP_getXmtEventId
00002880   _MCBSP_read
000028a0   _MCBSP_rrdy
000028c0   _MCBSP_write
000028e0   _MCBSP_xrdy
00002900   C$$EXIT
00002900   _abort
00002920   __IRQ_hookFetchPacket
00002940   _XnBufferExcel
00002940   ___etext__
00002940   etext
00002ac0   _Coeff
00002ad0   _TabSinus1Hz
00002c50   _fs
00002c54   _Xn
00002c56   _i
00002c58   _f
00002c5c   _Qn
00002c6c   _Qn_1
00002c7c   _Qn_2
00002c8c   _Module
00002cac   _tmp
00002cb0   _tmp1
00002cb2   _New_Modules
00002cb4   _XnBuffer
00002e5c   __IRQ_eventTable
00002ee0   __IRQ_intTable
00002f20   __IRQ_dispatchTable
00002f28   _AIC_data
00002f34   _AIC23CfgData
00002f54   _config
00002f7c   _hAIC23_handle
00002fb0   __MCBSP_hDev0
00002fb4   __MCBSP_hDev1
00003000   __cleanup_ptr
00003004   __dtors_ptr
00003008   ___TI_enable_exit_profile_output
0000300c   _DSK6713_AIC23_codeccontrolhandle
00003010   _DSK6713_AIC23_codecdatahandle
00003014   _DSK6713_version
00003018   ___cinit__
00003018   cinit
000035e0   __stack
000036e0   __STACK_END
ffffffff   ___TI_pprof_out_hndl
ffffffff   ___TI_prof_data_size
ffffffff   ___TI_prof_data_start
ffffffff   ___binit__
ffffffff   ___c_args__
ffffffff   ___pinit__
ffffffff   binit
ffffffff   pinit

[118 symbols]
